../Core/Src/pn532_stm32f1.c:59:5:PN532_Reset	8	static
../Core/Src/pn532_stm32f1.c:69:6:PN532_Log	16	static
../Core/Src/pn532_stm32f1.c:73:6:PN532_Init	16	static
../Core/Src/pn532_stm32f1.c:82:9:reverse_bit	24	static
../Core/Src/pn532_stm32f1.c:92:6:spi_rw	24	static
../Core/Src/pn532_stm32f1.c:110:5:PN532_SPI_ReadData	56	dynamic
../Core/Src/pn532_stm32f1.c:121:5:PN532_SPI_WriteData	56	dynamic
../Core/Src/pn532_stm32f1.c:131:6:PN532_SPI_WaitReady	24	static
../Core/Src/pn532_stm32f1.c:146:5:PN532_SPI_Wakeup	16	static
../Core/Src/pn532_stm32f1.c:157:6:PN532_SPI_Init	16	static
